Client@PROGAMMER2_STAFF-PC MINGW64 /d/leave-apps/e-ms (master)
$ git add .

Client@PROGAMMER2_STAFF-PC MINGW64 /d/leave-apps/e-ms (master)
$ git commit -m "Update Title"
[master ccc3748] Update Title
 1 file changed, 1 insertion(+), 1 deletion(-)

Client@PROGAMMER2_STAFF-PC MINGW64 /d/leave-apps/e-ms (master)
$ git -u push origin master
unknown option: -u
usage: git [--version] [--help] [-C <path>] [-c <name>=<value>]
           [--exec-path[=<path>]] [--html-path] [--man-path] [--info-path]
           [-p | --paginate | -P | --no-pager] [--no-replace-objects] [--bare]
           [--git-dir=<path>] [--work-tree=<path>] [--namespace=<name>]
           <command> [<args>]

Client@PROGAMMER2_STAFF-PC MINGW64 /d/leave-apps/e-ms (master)
$ git push -u origin master
To https://github.com/DBSetyawan/simper-application.git
 ! [rejected]        master -> master (non-fast-forward)
error: failed to push some refs to 'https://github.com/DBSetyawan/simper-application.git'
hint: Updates were rejected because the tip of your current branch is behind
hint: its remote counterpart. Integrate the remote changes (e.g.
hint: 'git pull ...') before pushing again.
hint: See the 'Note about fast-forwards' in 'git push --help' for details.

Client@PROGAMMER2_STAFF-PC MINGW64 /d/leave-apps/e-ms (master)
$ git push -u origin master
Enumerating objects: 18, done.
Counting objects: 100% (14/14), done.
Delta compression using up to 4 threads
Compressing objects: 100% (7/7), done.
Writing objects: 100% (8/8), 764 bytes | 764.00 KiB/s, done.
Total 8 (delta 5), reused 0 (delta 0)
remote: Resolving deltas: 100% (5/5), completed with 5 local objects.
remote:
remote: GitHub found 9 vulnerabilities on DBSetyawan/simper-application's default branch (1 critical, 4 high, 4 moderate). To find out more, visit:
remote:      https://github.com/DBSetyawan/simper-application/network/alerts
remote:
To https://github.com/DBSetyawan/simper-application.git
   2d919e4..865fe4b  master -> master
Branch 'master' set up to track remote branch 'master' from 'origin'.

Client@PROGAMMER2_STAFF-PC MINGW64 /d/leave-apps/e-ms (master)
$ git push heroku master
Enumerating objects: 40, done.
Counting objects: 100% (33/33), done.
Delta compression using up to 4 threads
Compressing objects: 100% (22/22), done.
Writing objects: 100% (24/24), 6.37 KiB | 1.59 MiB/s, done.
Total 24 (delta 15), reused 1 (delta 1)
remote: Compressing source files... done.
remote: Building source:
remote:
remote: -----> PHP app detected
remote: -----> Bootstrapping...
remote: -----> Installing platform packages...
remote:        - php (7.4.6)
remote:        - ext-mbstring (bundled with php)
remote:        - apache (2.4.43)
remote:        - nginx (1.18.0)
remote: -----> Installing dependencies...
remote:        Composer version 1.10.6 2020-05-06 10:28:10
remote:        Loading composer repositories with package information
remote:        Installing dependencies from lock file
remote:        Package operations: 50 installs, 0 updates, 0 removals
remote:          - Installing symfony/polyfill-ctype (v1.10.0): Loading from cache
remote:          - Installing phpoption/phpoption (1.5.0): Loading from cache
remote:          - Installing vlucas/phpdotenv (v3.3.2): Loading from cache
remote:          - Installing symfony/css-selector (v4.2.4): Loading from cache
remote:          - Installing tijsverkoyen/css-to-inline-styles (2.2.1): Loading from cache
remote:          - Installing symfony/polyfill-php72 (v1.10.0): Loading from cache
remote:          - Installing symfony/polyfill-mbstring (v1.17.0): Downloading (100%)
remote:          - Installing symfony/var-dumper (v4.2.4): Loading from cache
remote:          - Installing symfony/routing (v4.2.4): Loading from cache
remote:          - Installing symfony/process (v4.2.4): Loading from cache
remote:          - Installing symfony/polyfill-intl-idn (v1.17.0): Downloading (100%)
remote:          - Installing symfony/mime (v4.4.9): Downloading (100%)
remote:          - Installing symfony/http-foundation (v4.4.9): Downloading (100%)
remote:          - Installing symfony/contracts (v1.0.2): Loading from cache
remote:          - Installing symfony/event-dispatcher (v4.2.4): Loading from cache
remote:          - Installing psr/log (1.1.0): Loading from cache
remote:          - Installing symfony/debug (v4.2.4): Loading from cache
remote:          - Installing symfony/http-kernel (v4.2.4): Loading from cache
remote:          - Installing symfony/finder (v4.2.4): Loading from cache
remote:          - Installing symfony/console (v4.2.4): Loading from cache
remote:          - Installing doctrine/lexer (v1.0.1): Loading from cache
remote:          - Installing egulias/email-validator (2.1.7): Loading from cache
remote:          - Installing swiftmailer/swiftmailer (v6.1.3): Loading from cache
remote:          - Installing paragonie/random_compat (v9.99.99): Loading from cache
remote:          - Installing ramsey/uuid (3.8.0): Loading from cache
remote:          - Installing psr/simple-cache (1.0.1): Loading from cache
remote:          - Installing psr/container (1.0.0): Loading from cache
remote:          - Installing opis/closure (3.1.6): Loading from cache
remote:          - Installing symfony/translation (v4.2.4): Loading from cache
remote:          - Installing nesbot/carbon (2.14.2): Loading from cache
remote:          - Installing monolog/monolog (1.24.0): Loading from cache
remote:          - Installing league/flysystem (1.0.50): Loading from cache
remote:          - Installing erusev/parsedown (1.7.1): Loading from cache
remote:          - Installing dragonmantank/cron-expression (v2.2.0): Loading from cache
remote:          - Installing doctrine/inflector (v1.3.0): Loading from cache
remote:          - Installing laravel/framework (v5.8.3): Loading from cache
remote:          - Installing sabberworm/php-css-parser (8.3.1): Loading from cache
remote:          - Installing phenx/php-svg-lib (v0.3.3): Loading from cache
remote:          - Installing phenx/php-font-lib (0.5.2): Loading from cache
remote:          - Installing dompdf/dompdf (v0.8.5): Loading from cache
remote:          - Installing barryvdh/laravel-dompdf (v0.8.6): Loading from cache
remote:          - Installing brian2694/laravel-toastr (5.5.2): Loading from cache
remote:          - Installing fideloper/proxy (4.1.0): Loading from cache
remote:          - Installing jakub-onderka/php-console-color (v0.2): Loading from cache
remote:          - Installing nikic/php-parser (v4.2.1): Loading from cache
remote:          - Installing jakub-onderka/php-console-highlighter (v0.4): Loading from cache
remote:          - Installing dnoegel/php-xdg-base-dir (0.1): Loading from cache
remote:          - Installing psy/psysh (v0.9.9): Loading from cache
remote:          - Installing laravel/tinker (v1.0.8): Loading from cache
remote:          - Installing maddhatter/laravel-fullcalendar (v1.3.0): Loading from cache
remote:        Package jakub-onderka/php-console-color is abandoned, you should avoid using it. Use php-parallel-lint/php-console-color instead.
remote:        Package jakub-onderka/php-console-highlighter is abandoned, you should avoid using it. Use php-parallel-lint/php-console-highlighter instead.
remote:        Generating optimized autoload files
remote:        Deprecation Notice: Class Egulias\EmailValidator\Exception\ExpectedQPair located in ./vendor/egulias/email-validator/EmailValidator/Exception/ExpectingQPair.php does
not comply with psr-4 autoloading standard. It will not autoload anymore in Composer v2.0. in phar:///tmp/build_b4cf46ec54dce0e18488091ee37b7d62/.heroku/php/bin/composer/src/Composer/Autoload/ClassMapGenerator.php:201
remote:        > Illuminate\Foundation\ComposerScripts::postAutoloadDump
remote:        > @php artisan package:discover --ansi
remote:        Discovered Package: barryvdh/laravel-dompdf
remote:        Discovered Package: brian2694/laravel-toastr
remote:        Discovered Package: fideloper/proxy
remote:        Discovered Package: laravel/tinker
remote:        Discovered Package: maddhatter/laravel-fullcalendar
remote:        Discovered Package: nesbot/carbon
remote:        Package manifest generated successfully.
remote: -----> Preparing runtime environment...
remote: -----> Checking for additional extensions to install...
remote: -----> Discovering process types
remote:        Procfile declares types -> web
remote:
remote: -----> Compressing...
remote:        Done: 39.8M
remote: -----> Launching...
remote:        Released v12
remote:        https://simper.herokuapp.com/ deployed to Heroku
remote:
remote: Verifying deploy... done.
To https://git.heroku.com/simper.git
   5228198..865fe4b  master -> master

Client@PROGAMMER2_STAFF-PC MINGW64 /d/leave-apps/e-ms (master)
$ heroku config:add APP_NAME=SIMPER
Setting APP_NAME and restarting ⬢ simper... done, v13
APP_NAME: SIMPER

Client@PROGAMMER2_STAFF-PC MINGW64 /d/leave-apps/e-ms (master)
$ heroku config:add APP_ENV=production
Setting APP_ENV and restarting ⬢ simper... done, v14
APP_ENV: production

Client@PROGAMMER2_STAFF-PC MINGW64 /d/leave-apps/e-ms (master)
$ heroku config:add APP_URL=https://simper.herokuapp.com/
Setting APP_URL and restarting ⬢ simper... done, v15
APP_URL: https://simper.herokuapp.com/

Client@PROGAMMER2_STAFF-PC MINGW64 /d/leave-apps/e-ms (master)
$ heroku addons:create cleardb:ignite
Creating cleardb:ignite on ⬢ simper... free
Created cleardb-opaque-47647 as CLEARDB_BLUE_URL
Use heroku addons:docs cleardb to view documentation

Client@PROGAMMER2_STAFF-PC MINGW64 /d/leave-apps/e-ms (master)
$ heroku config | grep CLEARDB_DATABASE_URL
CLEARDB_DATABASE_URL: mysql://bc6d21e86361ac:37ff9a65@us-cdbr-east-05.cleardb.net/heroku_150a598188e1b34?reconnect=true

Client@PROGAMMER2_STAFF-PC MINGW64 /d/leave-apps/e-ms (master)
$ heroku config:set mysql://bc6d21e86361ac:37ff9a65@us-cdbr-east-05.cleardb.net/heroku_150a598188e1b34?reconnect=true
Setting mysql://bc6d21e86361ac:37ff9a65@us-cdbr-east-05.cleardb.net/heroku_150a598188e1b34?reconnect and restarting ⬢ simper... !
 !    Name is invalid

Client@PROGAMMER2_STAFF-PC MINGW64 /d/leave-apps/e-ms (master)
$ heroku config:set DATABASE_URL='mysql://bc6d21e86361ac:37ff9a65@us-cdbr-east-05.cleardb.net/heroku_150a598188e1b34?reconnect=true'
Setting DATABASE_URL and restarting ⬢ simper... done, v20
DATABASE_URL: mysql://bc6d21e86361ac:37ff9a65@us-cdbr-east-05.cleardb.net/heroku_150a598188e1b34?reconnect=true

Client@PROGAMMER2_STAFF-PC MINGW64 /d/leave-apps/e-ms (master)
$ heroku config:add DB_HOST=us-cdbr-east-05.cleardb.net
Setting DB_HOST and restarting ⬢ simper... done, v21
DB_HOST: us-cdbr-east-05.cleardb.net

Client@PROGAMMER2_STAFF-PC MINGW64 /d/leave-apps/e-ms (master)
$ heroku config:add DB_DATABASE=heroku_150a598188e1b34
Setting DB_DATABASE and restarting ⬢ simper... done, v22
DB_DATABASE: heroku_150a598188e1b34

Client@PROGAMMER2_STAFF-PC MINGW64 /d/leave-apps/e-ms (master)
$ heroku config:add DB_USERNAME=bc6d21e86361ac
Setting DB_USERNAME and restarting ⬢ simper... done, v23
DB_USERNAME: bc6d21e86361ac

Client@PROGAMMER2_STAFF-PC MINGW64 /d/leave-apps/e-ms (master)
$ heroku config:add DB_PASSWORD=37ff9a65
Setting DB_PASSWORD and restarting ⬢ simper... done, v24
DB_PASSWORD: 37ff9a65

Client@PROGAMMER2_STAFF-PC MINGW64 /d/leave-apps/e-ms (master)
$ php artisan config:clear
Configuration cache cleared!

Client@PROGAMMER2_STAFF-PC MINGW64 /d/leave-apps/e-ms (master)
$ git push heroku master
Everything up-to-date

Client@PROGAMMER2_STAFF-PC MINGW64 /d/leave-apps/e-ms (master)
$ git push -u origin master
Enumerating objects: 7, done.
Counting objects: 100% (7/7), done.
Delta compression using up to 4 threads
Compressing objects: 100% (4/4), done.
Writing objects: 100% (4/4), 460 bytes | 460.00 KiB/s, done.
Total 4 (delta 3), reused 0 (delta 0)
remote: Resolving deltas: 100% (3/3), completed with 3 local objects.
remote:
remote: GitHub found 9 vulnerabilities on DBSetyawan/simper-application's default branch (1 critical, 4 high, 4 moderate). To find out more, visit:
remote:      https://github.com/DBSetyawan/simper-application/network/alerts
remote:
To https://github.com/DBSetyawan/simper-application.git
   865fe4b..531c9c1  master -> master
Branch 'master' set up to track remote branch 'master' from 'origin'.

Client@PROGAMMER2_STAFF-PC MINGW64 /d/leave-apps/e-ms (master)
$ git push heroku master
Enumerating objects: 7, done.
Counting objects: 100% (7/7), done.
Delta compression using up to 4 threads
Compressing objects: 100% (4/4), done.
Writing objects: 100% (4/4), 460 bytes | 460.00 KiB/s, done.
Total 4 (delta 3), reused 0 (delta 0)
remote: Compressing source files... done.
remote: Building source:
remote:
remote: -----> PHP app detected
remote: -----> Bootstrapping...
remote: -----> Installing platform packages...
remote:        - php (7.4.6)
remote:        - ext-mbstring (bundled with php)
remote:        - apache (2.4.43)
remote:        - nginx (1.18.0)
remote: -----> Installing dependencies...
remote:        Composer version 1.10.6 2020-05-06 10:28:10
remote:        Loading composer repositories with package information
remote:        Installing dependencies from lock file
remote:        Package operations: 50 installs, 0 updates, 0 removals
remote:          - Installing symfony/polyfill-ctype (v1.10.0): Loading from cache
remote:          - Installing phpoption/phpoption (1.5.0): Loading from cache
remote:          - Installing vlucas/phpdotenv (v3.3.2): Loading from cache
remote:          - Installing symfony/css-selector (v4.2.4): Loading from cache
remote:          - Installing tijsverkoyen/css-to-inline-styles (2.2.1): Loading from cache
remote:          - Installing symfony/polyfill-php72 (v1.10.0): Loading from cache
remote:          - Installing symfony/polyfill-mbstring (v1.17.0): Loading from cache
remote:          - Installing symfony/var-dumper (v4.2.4): Loading from cache
remote:          - Installing symfony/routing (v4.2.4): Loading from cache
remote:          - Installing symfony/process (v4.2.4): Loading from cache
remote:          - Installing symfony/polyfill-intl-idn (v1.17.0): Loading from cache
remote:          - Installing symfony/mime (v4.4.9): Loading from cache
remote:          - Installing symfony/http-foundation (v4.4.9): Loading from cache
remote:          - Installing symfony/contracts (v1.0.2): Loading from cache
remote:          - Installing symfony/event-dispatcher (v4.2.4): Loading from cache
remote:          - Installing psr/log (1.1.0): Loading from cache
remote:          - Installing symfony/debug (v4.2.4): Loading from cache
remote:          - Installing symfony/http-kernel (v4.2.4): Loading from cache
remote:          - Installing symfony/finder (v4.2.4): Loading from cache
remote:          - Installing symfony/console (v4.2.4): Loading from cache
remote:          - Installing doctrine/lexer (v1.0.1): Loading from cache
remote:          - Installing egulias/email-validator (2.1.7): Loading from cache
remote:          - Installing swiftmailer/swiftmailer (v6.1.3): Loading from cache
remote:          - Installing paragonie/random_compat (v9.99.99): Loading from cache
remote:          - Installing ramsey/uuid (3.8.0): Loading from cache
remote:          - Installing psr/simple-cache (1.0.1): Loading from cache
remote:          - Installing psr/container (1.0.0): Loading from cache
remote:          - Installing opis/closure (3.1.6): Loading from cache
remote:          - Installing symfony/translation (v4.2.4): Loading from cache
remote:          - Installing nesbot/carbon (2.14.2): Loading from cache
remote:          - Installing monolog/monolog (1.24.0): Loading from cache
remote:          - Installing league/flysystem (1.0.50): Loading from cache
remote:          - Installing erusev/parsedown (1.7.1): Loading from cache
remote:          - Installing dragonmantank/cron-expression (v2.2.0): Loading from cache
remote:          - Installing doctrine/inflector (v1.3.0): Loading from cache
remote:          - Installing laravel/framework (v5.8.3): Loading from cache
remote:          - Installing sabberworm/php-css-parser (8.3.1): Loading from cache
remote:          - Installing phenx/php-svg-lib (v0.3.3): Loading from cache
remote:          - Installing phenx/php-font-lib (0.5.2): Loading from cache
remote:          - Installing dompdf/dompdf (v0.8.5): Loading from cache
remote:          - Installing barryvdh/laravel-dompdf (v0.8.6): Loading from cache
remote:          - Installing brian2694/laravel-toastr (5.5.2): Loading from cache
remote:          - Installing fideloper/proxy (4.1.0): Loading from cache
remote:          - Installing jakub-onderka/php-console-color (v0.2): Loading from cache
remote:          - Installing nikic/php-parser (v4.2.1): Loading from cache
remote:          - Installing jakub-onderka/php-console-highlighter (v0.4): Loading from cache
remote:          - Installing dnoegel/php-xdg-base-dir (0.1): Loading from cache
remote:          - Installing psy/psysh (v0.9.9): Loading from cache
remote:          - Installing laravel/tinker (v1.0.8): Loading from cache
remote:          - Installing maddhatter/laravel-fullcalendar (v1.3.0): Loading from cache
remote:        Package jakub-onderka/php-console-color is abandoned, you should avoid using it. Use php-parallel-lint/php-console-color instead.
remote:        Package jakub-onderka/php-console-highlighter is abandoned, you should avoid using it. Use php-parallel-lint/php-console-highlighter instead.
remote:        Generating optimized autoload files
remote:        Deprecation Notice: Class Egulias\EmailValidator\Exception\ExpectedQPair located in ./vendor/egulias/email-validator/EmailValidator/Exception/ExpectingQPair.php does
not comply with psr-4 autoloading standard. It will not autoload anymore in Composer v2.0. in phar:///tmp/build_43fe5493e545ccc399132d6df5637f2d/.heroku/php/bin/composer/src/Composer/Autoload/ClassMapGenerator.php:201
remote:        > Illuminate\Foundation\ComposerScripts::postAutoloadDump
remote:        > @php artisan package:discover --ansi
remote:        Discovered Package: barryvdh/laravel-dompdf
remote:        Discovered Package: brian2694/laravel-toastr
remote:        Discovered Package: fideloper/proxy
remote:        Discovered Package: laravel/tinker
remote:        Discovered Package: maddhatter/laravel-fullcalendar
remote:        Discovered Package: nesbot/carbon
remote:        Package manifest generated successfully.
remote: -----> Preparing runtime environment...
remote: -----> Checking for additional extensions to install...
remote: -----> Discovering process types
remote:        Procfile declares types -> web
remote:
remote: -----> Compressing...
remote:        Done: 39.8M
remote: -----> Launching...
remote:        Released v26
remote:        https://simper.herokuapp.com/ deployed to Heroku
remote:
remote: Verifying deploy... done.
To https://git.heroku.com/simper.git
   865fe4b..531c9c1  master -> master

Client@PROGAMMER2_STAFF-PC MINGW64 /d/leave-apps/e-ms (master)
$

Client@PROGAMMER2_STAFF-PC MINGW64 /d/leave-apps/e-ms (master)
$ heroku run bash
Running bash on ⬢ simper... up, run.6290 (Free)
~ $ php artisan migrate --app simper

                                      
  The "--app" option does not exist.  
                                      

~ $ php artisan migrate --app simper-application

                                      
  The "--app" option does not exist.  
                                      

~ $ php artisan migrate
**************************************
*     Application In Production!     *
**************************************

 Do you really wish to run this command? (yes/no) [no]:
 > yes

Migration table created successfully.
Migrating: 2014_10_12_000000_create_users_table
Migrated:  2014_10_12_000000_create_users_table
Migrating: 2014_10_12_100000_create_password_resets_table
Migrated:  2014_10_12_100000_create_password_resets_table
Migrating: 2019_03_10_044553_create_employees_table
Migrated:  2019_03_10_044553_create_employees_table
Migrating: 2019_03_10_050306_create_admins_table
Migrated:  2019_03_10_050306_create_admins_table
Migrating: 2019_03_10_050652_create_cities_table
Migrated:  2019_03_10_050652_create_cities_table
Migrating: 2019_03_10_050845_create_departments_table
Migrated:  2019_03_10_050845_create_departments_table
Migrating: 2019_03_10_050953_create_salaries_table
Migrated:  2019_03_10_050953_create_salaries_table
Migrating: 2019_03_14_025243_create_shifts_table
Migrated:  2019_03_14_025243_create_shifts_table
Migrating: 2019_03_17_061433_create_leaves_table
Migrated:  2019_03_17_061433_create_leaves_table
Migrating: 2019_03_17_094258_create_totalleaves_table
Migrated:  2019_03_17_094258_create_totalleaves_table
Migrating: 2019_03_17_114000_create_profiles_table
Migrated:  2019_03_17_114000_create_profiles_table
Migrating: 2019_03_18_061726_create_downloads_table
Migrated:  2019_03_18_061726_create_downloads_table
Migrating: 2019_03_24_051434_create_managesalaries_table
Migrated:  2019_03_24_051434_create_managesalaries_table
Migrating: 2019_03_25_143643_create_designations_table
Migrated:  2019_03_25_143643_create_designations_table
Migrating: 2019_04_10_113018_create_advancepayments_table
Migrated:  2019_04_10_113018_create_advancepayments_table
Migrating: 2019_04_21_111757_create_events_table
Migrated:  2019_04_21_111757_create_events_table
Migrating: 2019_04_26_023012_create_calendars_table
Migrated:  2019_04_26_023012_create_calendars_table
~ $ php artisan db:seed
**************************************
*     Application In Production!     *
**************************************

 Do you really wish to run this command? (yes/no) [no]:
 > yes

Seeding: UsersTableSeeder
Seeding: AdminsTableSeeder
Database seeding completed successfully.
~ $ exit
exit